Complete examples:
	2d-histogram
	2d-histogram-options
	2d-histogram-scatter
	2dhistogram-contour-subplots
	Blackbody-heatmap
	Bluered-heatmap
	Earth-heatmap
	Electric-heatmap
	Greens-heatmap
	Greys-heatmap
	Hot-heatmap
	Jet-heatmap
	Picnic-heatmap
	Portland-heatmap
	RdBu-heatmap
	YIGnBu-heatmap
	YIOrRd-heatmap
	append
	axes-booleans
	axes-labels
	axes-lines
	axes-range-manual
	axes-range-mode
	axes-range-type
	axes-reversed
	axes-ticks
	bar-line
	bar-marker-array
	bar-with-hover-text
	basic-area
	basic-bar
	basic-box-plot
	basic-error-bar
	basic-heatmap
	basic-histogram
	basic-line
	basic-line2
	box-grouped
	box-plot-jitter
	bubblechart
	callbacks-example-placeholder
	canadien-cities
	contour-scatter
	custom-colorscale
	custom-size-subplot
	date-axes
	error-bar-asymmetric-array
	error-bar-asymmetric-constant
	error-bar-bar
	error-bar-horizontal
	error-bar-style
	extend
	facet_wrap
	few
	geom_histogram
	geom_polygon_1
	geom_step
	get-requests-example
	gg-alpha
	gg-basic-bar
	gg-basic-line
	gg-basic-scatter
	gg-geom_line
	gg-geom_path
	gg-geom_point
	gg-geom_segment
	gg-line-scatter
	global-font
	grouped-bar
	horizontal-histogram
	hover-chart-basic
	iframes
	iframes-exclusive
	igray
	labelled-heatmap
	latex
	legend-inside
	legend-labels
	legend-outside
	legend-style
	legend-visibility
	line-scatter
	line-shapes
	line-style
	matlab-basic-area
	matlab-basic-bar
	matlab-basic-box-plot
	matlab-basic-fft
	matlab-basic-heatmap
	matlab-basic-histogram
	matlab-basic-line
	matlab-basic-stft
	matlab-bubble-chart
	matlab-contour-subplots
	matlab-graph-plot
	matlab-grouped-bar
	matlab-horizontal-histogram
	matlab-legend-inside
	matlab-legend-outside
	matlab-line-and-scatter-basic
	matlab-line-markers
	matlab-line-style
	matlab-log-log-line
	matlab-log-log-line-2
	matlab-meshgrid-contour
	matlab-overlaid-bar
	matlab-overlaid-histogram
	matlab-scatter-plot
	matlab-seamount-scatter
	matlab-semi-logy
	matlab-semi-logy-2
	matlab-simple-contour
	matlab-simple-inset
	matlab-spy-chart
	matlab-stacked-bar
	matlab-stacked-histogram
	matlab-style-bar
	matlab-symmetric-error-bars
	matlab-text-chart-basic
	matlab-three-subplots
	matlab-two-axes-plot
	matlab-two-axes-plot-bar
	matlab-two-axes-plot-style
	mpl-7d-bubble
	mpl-basic-area
	mpl-basic-bar
	mpl-basic-fft
	mpl-basic-histogram
	mpl-basic-line
	mpl-bubble-colormap
	mpl-complex-scatter
	mpl-line-scatter
	mpl-line-style
	mpl-multi-fill
	mpl-scatter
	mpl-simple-annotation
	mpl-simple-subplot
	mpl-stacked-line
	multiple-annotation
	multiple-axes-double
	multiple-axes-multiple
	multiple-subplots
	new-graph
	overlaid-histogram
	overwrite
	percent-error-bar
	plotly-log-axes
	polar-area-chart
	polar-line
	polar-scatter
	privacy-false
	privacy-true
	python-change_plot
	python-datetime
	python-get-data
	python-replot1
	python-replot2
	shared-axes-subplots
	shiny-ggplot2
	shiny-r
	show-legend
	simple-annotation
	simple-contour
	simple-inset
	simple-subplot
	size-margins
	stacked-bar
	stacked-coupled-subplots
	stacked-histogram
	stacked-subplots
	static-image-example
	static-image-example-matlab
	streaming-example-placeholder
	style-annotation
	style-bar
	style-histogram
	styling-names
	tableau
	text-chart-basic
	text-chart-styling
	tools-get-subplots
	x-squared